// Jest Snapshot v1, https://goo.gl/fbAQLP

exports[`Component: PokemonErrorInfo should mount component properly 1`] = `
<div
  class="error-information p-6 flex flex-col justify-center space-y-2"
>
  <p>
    Something went wrong, please try again
  </p>
   
  <button
    class="bg-green-500 rounded px-3 py-2 text-white"
  >
    Reload
  </button>
</div>
`;
