// Jest Snapshot v1, https://goo.gl/fbAQLP

exports[`Page: Homepage should mount component properly 1`] = `
<div
  class="bg-[#FEFEFE]"
>
  <header
    class="px-6 pt-12"
  >
    <h1
      class="text-4xl font-semibold"
    >
      Pokédex
    </h1>
     
    <p
      class="text-gray-800 mt-2"
    >
      Find your favorite Pokémon
    </p>
  </header>
   
  <div
    class="flex space-x-2 items-center justify-between px-6 py-4 bg-[#FEFEFE] sticky top-0 z-10 bg-opacity-40"
  >
    <label
      class="block flex-1 relative rounded-md shadow-sm"
      for="pokemon_name"
    >
      <p
        class="sr-only"
      >
        Pokemon Name
      </p>
       
      <div
        class="absolute inset-y-0 left-0 pl-3 flex items-center pointer-events-none"
      >
        <icosearch-stub
          class="text-gray-600"
        />
      </div>
       
      <input
        aria-describedby="pokemon-name"
        autocomplete="off"
        class="rounded block text-gray-800 bg-green-50 w-full pl-12 py-3 pr-12"
        id="pokemon_name"
        placeholder="Pokemon name"
      />
    </label>
     
    <router-link
      to="/filter"
    >
      <p
        class="sr-only"
      >
        Advanced Filter
      </p>
       
      <div
        class="px-3 py-3 bg-white rounded h-full"
      >
        <icofilter-stub />
      </div>
    </router-link>
  </div>
   
  <main
    class="px-6 pb-6"
  >
    <p
      class="total-pokemon text-sm text-gray-500 text-right"
    >
      Got 0 pokémon
    </p>
     
    <!---->
  </main>
   
  <!---->
   
  <div
    infinite-scroll-disabled="disableInfiniteScroll"
    infinite-scroll-distance="300"
  />
   
  <nuxt />
</div>
`;
