// Jest Snapshot v1, https://goo.gl/fbAQLP

exports[`Page: Homepage should mount component properly 1`] = `
<div
  class="bg-[#FEFEFE]"
>
  <header
    class="px-6 pt-12"
  >
    <h1
      class="text-4xl font-semibold"
    >
      Pokédex
    </h1>
     
    <p
      class="text-gray-800 mt-2"
    >
      Find your favorite Pokémon
    </p>
  </header>
   
  <div
    class="px-6 pt-6"
  >
    <label
      class="block mt-1 relative rounded-md shadow-sm"
      for="pokemon_name"
    >
      <p
        class="sr-only"
      >
        Pokemon Name
      </p>
       
      <div
        class="absolute inset-y-0 left-0 pl-3 flex items-center pointer-events-none"
      >
        <icosearch-stub
          class="text-gray-600"
        />
      </div>
       
      <input
        aria-describedby="pokemon-name"
        autocomplete="off"
        class="rounded block text-gray-600 bg-blue-50 w-full pl-12 py-3 pr-12 sm:leading-5"
        id="pokemon_name"
        placeholder="Pokemon name"
      />
    </label>
     
    <p
      class="total-pokemon text-sm mt-4 text-gray-500 text-right"
    >
      
      Got 0 pokémon
    
    </p>
  </div>
   
  <!---->
   
  <!---->
   
  <div
    infinite-scroll-disabled="disableInfiniteScroll"
    infinite-scroll-distance="300"
  />
   
  <nuxt />
</div>
`;
